// Jest Snapshot v1, https://goo.gl/fbAQLP

exports[`should render Login page 1`] = `
<div
  className="box-layout"
>
  <div
    className="box-layout__login-box"
  >
    <h1
      className="box-layout__login-title"
    >
      Boilerplate
    </h1>
    <p>
      for React Apps | Chum Labs
    </p>
    <button
      className="button"
      onClick={[Function]}
    >
      Login with Google
    </button>
  </div>
</div>
`;
